bash: no job control in this shell
=== Batch 1: Auto-Empirical-Research-Skills ResearchStudio buzz code-review-graph custodian-kernel ===
OK custodian-kernel
OK code-review-graph
OK ResearchStudio
OK buzz
OK Auto-Empirical-Research-Skills
=== Batch 2: dbeaver litehybrid ng-zorro-antd open-design openworker ===
OK litehybrid
OK openworker
OK ng-zorro-antd
OK dbeaver
OK open-design
=== Batch 3: pi pyod topcoat worldmonitor ===
OK pyod
OK topcoat
OK pi
OK worldmonitor
=== ALL DONE ===
--- Results ---
OK   Auto-Empirical-Research-Skills (   28997 bytes)
OK   ResearchStudio (   27104 bytes)
OK   buzz (   26081 bytes)
OK   code-review-graph (   23944 bytes)
OK   custodian-kernel (   24334 bytes)
OK   dbeaver (   22713 bytes)
OK   litehybrid (   16506 bytes)
OK   ng-zorro-antd (   20736 bytes)
OK   open-design (   27176 bytes)
OK   openworker (   22551 bytes)
OK   pi (   26700 bytes)
OK   pyod (   20856 bytes)
OK   topcoat (   22760 bytes)
OK   worldmonitor (   26451 bytes)
