bash: no job control in this shell
Skill mtime: 1785057122 (Sun Jul 26 17:12:02 CST 2026)
Parallel: 4, Total repos: 19
Start: Sun Jul 26 17:17:24 CST 2026
OK  OfficeCLI -> research-OfficeCLI-20260726/evidence-brief.md
OK  ResearchStudio -> research-ResearchStudio-20260726/evidence-brief.md
OK  Vibe-Trading -> research-Vibe-Trading-20260726/evidence-brief.md
OK  buzz -> research-buzz-20260726/evidence-brief.md
OK  litehybrid -> research-litehybrid-20260726/evidence-brief.md
OK  custodian-kernel -> research-custodian-kernel-20260726/evidence-brief.md
OK  code-review-graph -> research-code-review-graph-20260726/evidence-brief.md
OK  dbeaver -> research-dbeaver-20260726/evidence-brief.md
OK  page-agent -> research-page-agent-20260726/evidence-brief.md
OK  openworker -> research-openworker-20260726/evidence-brief.md
OK  ng-zorro-antd -> research-ng-zorro-antd-20260726/evidence-brief.md
OK  open-design -> research-open-design-20260726/evidence-brief.md
OK  tensortrade -> research-tensortrade-20260726/evidence-brief.md
OK  pyod -> research-pyod-20260726/evidence-brief.md
OK  topcoat -> research-topcoat-20260726/evidence-brief.md
OK  pi -> research-pi-20260726/evidence-brief.md
OK  Auto-Empirical-Research-Skills -> research-Auto-Empirical-Research-Skills-20260726/evidence-brief.md
OK  unsloth -> research-unsloth-20260726/evidence-brief.md
OK  worldmonitor -> research-worldmonitor-20260726/evidence-brief.md
=== All done at Sun Jul 26 17:19:05 CST 2026 ===
--- Results ---
OfficeCLI                        brief=   59125  report=   49961
ResearchStudio                   brief=   70062  report=   40412
Vibe-Trading                     brief=   61315  report=   43892
buzz                             brief=   71124  report=   38131
code-review-graph                brief=   67096  report=   47607
custodian-kernel                 brief=   63915  report=   40271
dbeaver                          brief=   53393  report=   40849
litehybrid                       brief=   43846  report=   46517
ng-zorro-antd                    brief=   51184  report=   37827
open-design                      brief=   71161  report=   43225
openworker                       brief=   60270  report=   60575
page-agent                       brief=   66757  report=   40572
pi                               brief=   63695  report=   48169
pyod                             brief=   58992  report=   57007
tensortrade                      brief=   49534  report=   52931
topcoat                          brief=   51972  report=   38558
unsloth                          brief=   70684  report=   37470
worldmonitor                     brief=   71548  report=   49709
run-all-repos-v2.sh: line 71: research-Auto-Empirical-Research-Skills-20260726/report.md: No such file or directory
Auto-Empirical-Research-Skills   brief=   70608  report=     0
