[     295ms] [LOG] [astro-mermaid] Mermaid diagrams detected on initial load @ http://localhost:4321/@id/astro:scripts/page.js:1
[     295ms] [LOG] [astro-mermaid] Initializing mermaid diagrams... @ http://localhost:4321/@id/astro:scripts/page.js:1
[     295ms] [LOG] [astro-mermaid] Found 200 mermaid diagrams @ http://localhost:4321/@id/astro:scripts/page.js:1
[     295ms] [LOG] [astro-mermaid] Loading mermaid.js... @ http://localhost:4321/@id/astro:scripts/page.js:1
[     644ms] [LOG] [astro-mermaid] Registering 2 icon packs @ http://localhost:4321/@id/astro:scripts/page.js:1
[     644ms] [LOG] [astro-mermaid] Using theme: forest from body @ http://localhost:4321/@id/astro:scripts/page.js:1
[     650ms] [LOG] [astro-mermaid] Rendering diagram: mermaid-1zobtaige @ http://localhost:4321/@id/astro:scripts/page.js:1
[    1101ms] [LOG] [astro-mermaid] Successfully rendered diagram: mermaid-1zobtaige @ http://localhost:4321/@id/astro:scripts/page.js:1
[    1101ms] [LOG] [astro-mermaid] Rendering diagram: mermaid-1kjwirt8j @ http://localhost:4321/@id/astro:scripts/page.js:1
[    1193ms] [LOG] [astro-mermaid] Successfully rendered diagram: mermaid-1kjwirt8j @ http://localhost:4321/@id/astro:scripts/page.js:1
[    1193ms] [LOG] [astro-mermaid] Rendering diagram: mermaid-xria7gw61 @ http://localhost:4321/@id/astro:scripts/page.js:1
[    1326ms] [LOG] [astro-mermaid] Successfully rendered diagram: mermaid-xria7gw61 @ http://localhost:4321/@id/astro:scripts/page.js:1
[    1326ms] [LOG] [astro-mermaid] Rendering diagram: mermaid-m1nbdm3vp @ http://localhost:4321/@id/astro:scripts/page.js:1
[    1459ms] [LOG] [astro-mermaid] Successfully rendered diagram: mermaid-m1nbdm3vp @ http://localhost:4321/@id/astro:scripts/page.js:1
[    1459ms] [LOG] [astro-mermaid] Rendering diagram: mermaid-4hi3cgh9e @ http://localhost:4321/@id/astro:scripts/page.js:1
[    1515ms] [LOG] [astro-mermaid] Successfully rendered diagram: mermaid-4hi3cgh9e @ http://localhost:4321/@id/astro:scripts/page.js:1
[    1516ms] [LOG] [astro-mermaid] Rendering diagram: mermaid-3xmce7brg @ http://localhost:4321/@id/astro:scripts/page.js:1
[    1692ms] [LOG] [astro-mermaid] Successfully rendered diagram: mermaid-3xmce7brg @ http://localhost:4321/@id/astro:scripts/page.js:1
[    1692ms] [LOG] [astro-mermaid] Rendering diagram: mermaid-ma3op6pzb @ http://localhost:4321/@id/astro:scripts/page.js:1
[    1783ms] [LOG] [astro-mermaid] Successfully rendered diagram: mermaid-ma3op6pzb @ http://localhost:4321/@id/astro:scripts/page.js:1
[    1783ms] [LOG] [astro-mermaid] Rendering diagram: mermaid-oe8aacjhn @ http://localhost:4321/@id/astro:scripts/page.js:1
[    1854ms] [LOG] [astro-mermaid] Successfully rendered diagram: mermaid-oe8aacjhn @ http://localhost:4321/@id/astro:scripts/page.js:1
[    1855ms] [LOG] [astro-mermaid] Rendering diagram: mermaid-eh925m2wp @ http://localhost:4321/@id/astro:scripts/page.js:1
[    1941ms] [LOG] [astro-mermaid] Successfully rendered diagram: mermaid-eh925m2wp @ http://localhost:4321/@id/astro:scripts/page.js:1
[    1941ms] [LOG] [astro-mermaid] Rendering diagram: mermaid-0p2h5v20w @ http://localhost:4321/@id/astro:scripts/page.js:1
[    2077ms] [LOG] [astro-mermaid] Successfully rendered diagram: mermaid-0p2h5v20w @ http://localhost:4321/@id/astro:scripts/page.js:1
[    2077ms] [LOG] [astro-mermaid] Rendering diagram: mermaid-j7pv27kiu @ http://localhost:4321/@id/astro:scripts/page.js:1
[    2241ms] [LOG] [astro-mermaid] Successfully rendered diagram: mermaid-j7pv27kiu @ http://localhost:4321/@id/astro:scripts/page.js:1
[    2241ms] [LOG] [astro-mermaid] Rendering diagram: mermaid-zgacfuext @ http://localhost:4321/@id/astro:scripts/page.js:1
[    2316ms] [LOG] [astro-mermaid] Successfully rendered diagram: mermaid-zgacfuext @ http://localhost:4321/@id/astro:scripts/page.js:1
[    2316ms] [LOG] [astro-mermaid] Rendering diagram: mermaid-q9pms24d8 @ http://localhost:4321/@id/astro:scripts/page.js:1
[    2387ms] [LOG] [astro-mermaid] Successfully rendered diagram: mermaid-q9pms24d8 @ http://localhost:4321/@id/astro:scripts/page.js:1
[    2388ms] [LOG] [astro-mermaid] Rendering diagram: mermaid-0nhprgobm @ http://localhost:4321/@id/astro:scripts/page.js:1
[    2522ms] [LOG] [astro-mermaid] Successfully rendered diagram: mermaid-0nhprgobm @ http://localhost:4321/@id/astro:scripts/page.js:1
[    2522ms] [LOG] [astro-mermaid] Rendering diagram: mermaid-bofoj5h6t @ http://localhost:4321/@id/astro:scripts/page.js:1
[    2660ms] [LOG] [astro-mermaid] Successfully rendered diagram: mermaid-bofoj5h6t @ http://localhost:4321/@id/astro:scripts/page.js:1
[    2660ms] [LOG] [astro-mermaid] Rendering diagram: mermaid-fgs7269b8 @ http://localhost:4321/@id/astro:scripts/page.js:1
[    2778ms] [LOG] [astro-mermaid] Successfully rendered diagram: mermaid-fgs7269b8 @ http://localhost:4321/@id/astro:scripts/page.js:1
[    2780ms] [LOG] [astro-mermaid] Rendering diagram: mermaid-8r0dnkwvd @ http://localhost:4321/@id/astro:scripts/page.js:1
[    2842ms] [LOG] [astro-mermaid] Successfully rendered diagram: mermaid-8r0dnkwvd @ http://localhost:4321/@id/astro:scripts/page.js:1
[    2842ms] [LOG] [astro-mermaid] Rendering diagram: mermaid-tpl6tkbun @ http://localhost:4321/@id/astro:scripts/page.js:1
[    2958ms] [LOG] [astro-mermaid] Successfully rendered diagram: mermaid-tpl6tkbun @ http://localhost:4321/@id/astro:scripts/page.js:1
[    2958ms] [LOG] [astro-mermaid] Rendering diagram: mermaid-k2t2re50z @ http://localhost:4321/@id/astro:scripts/page.js:1
[    2966ms] [ERROR] Failed to load resource: the server responded with a status of 404 () @ https://giscus.app/api/discussions?repo=devweekly%2Fdevweekly.github.io&term=AI%E6%97%B6%E4%BB%A3%E7%9A%84%E4%B8%9A%E5%8A%A1%E6%B5%81%E7%A8%8Bworkflow%E8%AF%A5%E6%80%8E%E4%B9%88%E5%81%9A%EF%BC%9Fbpmn%E8%BF%98%E6%98%AFagent+%7C+%E5%BC%80%E5%8F%91%E8%80%85%E5%91%A8%E6%8A%A5+Builder+Weekly&category=Announcements&number=0&strict=false&last=15:0
[    3115ms] [ERROR] Failed to load resource: the server responded with a status of 404 () @ https://giscus.app/api/discussions?repo=devweekly%2Fdevweekly.github.io&term=AI%E6%97%B6%E4%BB%A3%E7%9A%84%E4%B8%9A%E5%8A%A1%E6%B5%81%E7%A8%8Bworkflow%E8%AF%A5%E6%80%8E%E4%B9%88%E5%81%9A%EF%BC%9Fbpmn%E8%BF%98%E6%98%AFagent+%7C+%E5%BC%80%E5%8F%91%E8%80%85%E5%91%A8%E6%8A%A5+Builder+Weekly&category=Announcements&number=0&strict=false&first=15:0
[    3171ms] [LOG] [astro-mermaid] Successfully rendered diagram: mermaid-k2t2re50z @ http://localhost:4321/@id/astro:scripts/page.js:1
[    3171ms] [LOG] [astro-mermaid] Rendering diagram: mermaid-ums6fmmtw @ http://localhost:4321/@id/astro:scripts/page.js:1
[    3184ms] [WARNING] [giscus] Discussion not found. A new discussion will be created if a comment/reaction is submitted. @ https://giscus.app/client.js:6
[    3253ms] [LOG] [astro-mermaid] Successfully rendered diagram: mermaid-ums6fmmtw @ http://localhost:4321/@id/astro:scripts/page.js:1
[    3253ms] [LOG] [astro-mermaid] Rendering diagram: mermaid-hcsqvt3e1 @ http://localhost:4321/@id/astro:scripts/page.js:1
[    3470ms] [LOG] [astro-mermaid] Successfully rendered diagram: mermaid-hcsqvt3e1 @ http://localhost:4321/@id/astro:scripts/page.js:1
[    3471ms] [LOG] [astro-mermaid] Rendering diagram: mermaid-b9u00ceas @ http://localhost:4321/@id/astro:scripts/page.js:1
[    3630ms] [LOG] [astro-mermaid] Successfully rendered diagram: mermaid-b9u00ceas @ http://localhost:4321/@id/astro:scripts/page.js:1
[    3630ms] [LOG] [astro-mermaid] Rendering diagram: mermaid-y6d9wkto5 @ http://localhost:4321/@id/astro:scripts/page.js:1
[    4319ms] [WARNING] [giscus] Discussion not found. A new discussion will be created if a comment/reaction is submitted. @ https://giscus.app/client.js:6
[    4348ms] [LOG] [astro-mermaid] Successfully rendered diagram: mermaid-y6d9wkto5 @ http://localhost:4321/@id/astro:scripts/page.js:1
[    4349ms] [LOG] [astro-mermaid] Rendering diagram: mermaid-j42x6nv52 @ http://localhost:4321/@id/astro:scripts/page.js:1
[    4609ms] [LOG] [astro-mermaid] Successfully rendered diagram: mermaid-j42x6nv52 @ http://localhost:4321/@id/astro:scripts/page.js:1
[    4609ms] [LOG] [astro-mermaid] Rendering diagram: mermaid-i7zqem6n8 @ http://localhost:4321/@id/astro:scripts/page.js:1
[    4719ms] [LOG] [astro-mermaid] Successfully rendered diagram: mermaid-i7zqem6n8 @ http://localhost:4321/@id/astro:scripts/page.js:1
[    4719ms] [LOG] [astro-mermaid] Rendering diagram: mermaid-ym27su6nq @ http://localhost:4321/@id/astro:scripts/page.js:1
[    4775ms] [LOG] [astro-mermaid] Successfully rendered diagram: mermaid-ym27su6nq @ http://localhost:4321/@id/astro:scripts/page.js:1
[    4775ms] [LOG] [astro-mermaid] Rendering diagram: mermaid-tq2xipz4a @ http://localhost:4321/@id/astro:scripts/page.js:1
[    4876ms] [LOG] [astro-mermaid] Successfully rendered diagram: mermaid-tq2xipz4a @ http://localhost:4321/@id/astro:scripts/page.js:1
[    4876ms] [LOG] [astro-mermaid] Rendering diagram: mermaid-unefrxia1 @ http://localhost:4321/@id/astro:scripts/page.js:1
[    4948ms] [LOG] [astro-mermaid] Successfully rendered diagram: mermaid-unefrxia1 @ http://localhost:4321/@id/astro:scripts/page.js:1
[    4948ms] [LOG] [astro-mermaid] Rendering diagram: mermaid-aqz4126el @ http://localhost:4321/@id/astro:scripts/page.js:1
[    5105ms] [LOG] [astro-mermaid] Successfully rendered diagram: mermaid-aqz4126el @ http://localhost:4321/@id/astro:scripts/page.js:1
[    5105ms] [LOG] [astro-mermaid] Rendering diagram: mermaid-yhrj8am6o @ http://localhost:4321/@id/astro:scripts/page.js:1
[    5235ms] [LOG] [astro-mermaid] Successfully rendered diagram: mermaid-yhrj8am6o @ http://localhost:4321/@id/astro:scripts/page.js:1
[    5235ms] [LOG] [astro-mermaid] Rendering diagram: mermaid-jo8t942tm @ http://localhost:4321/@id/astro:scripts/page.js:1
[    5265ms] [LOG] [astro-mermaid] Successfully rendered diagram: mermaid-jo8t942tm @ http://localhost:4321/@id/astro:scripts/page.js:1
[    5265ms] [LOG] [astro-mermaid] Rendering diagram: mermaid-572cq2y32 @ http://localhost:4321/@id/astro:scripts/page.js:1
[    5328ms] [LOG] [astro-mermaid] Successfully rendered diagram: mermaid-572cq2y32 @ http://localhost:4321/@id/astro:scripts/page.js:1
[    5330ms] [LOG] [astro-mermaid] Rendering diagram: mermaid-ofej9qnzy @ http://localhost:4321/@id/astro:scripts/page.js:1
[    5395ms] [LOG] [astro-mermaid] Successfully rendered diagram: mermaid-ofej9qnzy @ http://localhost:4321/@id/astro:scripts/page.js:1
[    5395ms] [LOG] [astro-mermaid] Rendering diagram: mermaid-35qeq251h @ http://localhost:4321/@id/astro:scripts/page.js:1
[    5486ms] [LOG] [astro-mermaid] Successfully rendered diagram: mermaid-35qeq251h @ http://localhost:4321/@id/astro:scripts/page.js:1
[    5486ms] [LOG] [astro-mermaid] Rendering diagram: mermaid-bwijatxyt @ http://localhost:4321/@id/astro:scripts/page.js:1
[    5551ms] [LOG] [astro-mermaid] Successfully rendered diagram: mermaid-bwijatxyt @ http://localhost:4321/@id/astro:scripts/page.js:1
[    5551ms] [LOG] [astro-mermaid] Rendering diagram: mermaid-e3p36iaa6 @ http://localhost:4321/@id/astro:scripts/page.js:1
[    5589ms] [LOG] [astro-mermaid] Successfully rendered diagram: mermaid-e3p36iaa6 @ http://localhost:4321/@id/astro:scripts/page.js:1
[    5589ms] [LOG] [astro-mermaid] Rendering diagram: mermaid-p6phln32l @ http://localhost:4321/@id/astro:scripts/page.js:1
[    5624ms] [LOG] [astro-mermaid] Successfully rendered diagram: mermaid-p6phln32l @ http://localhost:4321/@id/astro:scripts/page.js:1
[    5624ms] [LOG] [astro-mermaid] Rendering diagram: mermaid-mxeb2eq7h @ http://localhost:4321/@id/astro:scripts/page.js:1
[    5656ms] [LOG] [astro-mermaid] Successfully rendered diagram: mermaid-mxeb2eq7h @ http://localhost:4321/@id/astro:scripts/page.js:1
[    5656ms] [LOG] [astro-mermaid] Rendering diagram: mermaid-imokkzv5e @ http://localhost:4321/@id/astro:scripts/page.js:1
[    5705ms] [LOG] [astro-mermaid] Successfully rendered diagram: mermaid-imokkzv5e @ http://localhost:4321/@id/astro:scripts/page.js:1
[    5705ms] [LOG] [astro-mermaid] Rendering diagram: mermaid-40jut9470 @ http://localhost:4321/@id/astro:scripts/page.js:1
[    5785ms] [LOG] [astro-mermaid] Successfully rendered diagram: mermaid-40jut9470 @ http://localhost:4321/@id/astro:scripts/page.js:1
[    5785ms] [LOG] [astro-mermaid] Rendering diagram: mermaid-qoli57vqn @ http://localhost:4321/@id/astro:scripts/page.js:1
[    5861ms] [LOG] [astro-mermaid] Successfully rendered diagram: mermaid-qoli57vqn @ http://localhost:4321/@id/astro:scripts/page.js:1
[    5862ms] [LOG] [astro-mermaid] Rendering diagram: mermaid-yul4osffl @ http://localhost:4321/@id/astro:scripts/page.js:1
[    5974ms] [LOG] [astro-mermaid] Successfully rendered diagram: mermaid-yul4osffl @ http://localhost:4321/@id/astro:scripts/page.js:1
[    5974ms] [LOG] [astro-mermaid] Rendering diagram: mermaid-1fqe7bcrr @ http://localhost:4321/@id/astro:scripts/page.js:1
[    6057ms] [LOG] [astro-mermaid] Successfully rendered diagram: mermaid-1fqe7bcrr @ http://localhost:4321/@id/astro:scripts/page.js:1
[    6057ms] [LOG] [astro-mermaid] Rendering diagram: mermaid-95vvshi2u @ http://localhost:4321/@id/astro:scripts/page.js:1
[    6109ms] [LOG] [astro-mermaid] Successfully rendered diagram: mermaid-95vvshi2u @ http://localhost:4321/@id/astro:scripts/page.js:1
[    6109ms] [LOG] [astro-mermaid] Rendering diagram: mermaid-sh5ypwwa3 @ http://localhost:4321/@id/astro:scripts/page.js:1
[    6219ms] [LOG] [astro-mermaid] Successfully rendered diagram: mermaid-sh5ypwwa3 @ http://localhost:4321/@id/astro:scripts/page.js:1
[    6219ms] [LOG] [astro-mermaid] Rendering diagram: mermaid-2wb57jn30 @ http://localhost:4321/@id/astro:scripts/page.js:1
[    6292ms] [LOG] [astro-mermaid] Successfully rendered diagram: mermaid-2wb57jn30 @ http://localhost:4321/@id/astro:scripts/page.js:1
[    6293ms] [LOG] [astro-mermaid] Rendering diagram: mermaid-bkume38tg @ http://localhost:4321/@id/astro:scripts/page.js:1
[    6414ms] [LOG] [astro-mermaid] Successfully rendered diagram: mermaid-bkume38tg @ http://localhost:4321/@id/astro:scripts/page.js:1
[    6415ms] [LOG] [astro-mermaid] Rendering diagram: mermaid-fds07w0f0 @ http://localhost:4321/@id/astro:scripts/page.js:1
[    6554ms] [LOG] [astro-mermaid] Successfully rendered diagram: mermaid-fds07w0f0 @ http://localhost:4321/@id/astro:scripts/page.js:1
[    6554ms] [LOG] [astro-mermaid] Rendering diagram: mermaid-rifjuqcls @ http://localhost:4321/@id/astro:scripts/page.js:1
[    6671ms] [LOG] [astro-mermaid] Successfully rendered diagram: mermaid-rifjuqcls @ http://localhost:4321/@id/astro:scripts/page.js:1
[    6672ms] [LOG] [astro-mermaid] Rendering diagram: mermaid-3vu4ry3ra @ http://localhost:4321/@id/astro:scripts/page.js:1
[    6715ms] [LOG] [astro-mermaid] Successfully rendered diagram: mermaid-3vu4ry3ra @ http://localhost:4321/@id/astro:scripts/page.js:1
[    6715ms] [LOG] [astro-mermaid] Rendering diagram: mermaid-mpn5u8eq0 @ http://localhost:4321/@id/astro:scripts/page.js:1
[    6768ms] [LOG] [astro-mermaid] Successfully rendered diagram: mermaid-mpn5u8eq0 @ http://localhost:4321/@id/astro:scripts/page.js:1
[    6768ms] [LOG] [astro-mermaid] Rendering diagram: mermaid-g5yal5d2t @ http://localhost:4321/@id/astro:scripts/page.js:1
[    6803ms] [LOG] [astro-mermaid] Successfully rendered diagram: mermaid-g5yal5d2t @ http://localhost:4321/@id/astro:scripts/page.js:1
[    6803ms] [LOG] [astro-mermaid] Rendering diagram: mermaid-h2rer5huj @ http://localhost:4321/@id/astro:scripts/page.js:1
[    6852ms] [LOG] [astro-mermaid] Successfully rendered diagram: mermaid-h2rer5huj @ http://localhost:4321/@id/astro:scripts/page.js:1
[    6852ms] [LOG] [astro-mermaid] Rendering diagram: mermaid-6lhgbdsi4 @ http://localhost:4321/@id/astro:scripts/page.js:1
[    6940ms] [LOG] [astro-mermaid] Successfully rendered diagram: mermaid-6lhgbdsi4 @ http://localhost:4321/@id/astro:scripts/page.js:1
[    6940ms] [LOG] [astro-mermaid] Rendering diagram: mermaid-egptmhyfo @ http://localhost:4321/@id/astro:scripts/page.js:1
[    7023ms] [LOG] [astro-mermaid] Successfully rendered diagram: mermaid-egptmhyfo @ http://localhost:4321/@id/astro:scripts/page.js:1
[    7023ms] [LOG] [astro-mermaid] Rendering diagram: mermaid-cm8yte2gp @ http://localhost:4321/@id/astro:scripts/page.js:1
[    7106ms] [LOG] [astro-mermaid] Successfully rendered diagram: mermaid-cm8yte2gp @ http://localhost:4321/@id/astro:scripts/page.js:1
[    7106ms] [LOG] [astro-mermaid] Rendering diagram: mermaid-c5am3pr6s @ http://localhost:4321/@id/astro:scripts/page.js:1
[    7221ms] [LOG] [astro-mermaid] Successfully rendered diagram: mermaid-c5am3pr6s @ http://localhost:4321/@id/astro:scripts/page.js:1
[    7221ms] [LOG] [astro-mermaid] Rendering diagram: mermaid-dagom7m93 @ http://localhost:4321/@id/astro:scripts/page.js:1
[    7293ms] [LOG] [astro-mermaid] Successfully rendered diagram: mermaid-dagom7m93 @ http://localhost:4321/@id/astro:scripts/page.js:1
[    7293ms] [LOG] [astro-mermaid] Rendering diagram: mermaid-iknrn6jb2 @ http://localhost:4321/@id/astro:scripts/page.js:1
[    7376ms] [LOG] [astro-mermaid] Successfully rendered diagram: mermaid-iknrn6jb2 @ http://localhost:4321/@id/astro:scripts/page.js:1
[    7376ms] [LOG] [astro-mermaid] Rendering diagram: mermaid-0e97q8pa0 @ http://localhost:4321/@id/astro:scripts/page.js:1
[    7551ms] [LOG] [astro-mermaid] Successfully rendered diagram: mermaid-0e97q8pa0 @ http://localhost:4321/@id/astro:scripts/page.js:1
[    7552ms] [LOG] [astro-mermaid] Rendering diagram: mermaid-a6lx8o0cm @ http://localhost:4321/@id/astro:scripts/page.js:1
[    7677ms] [LOG] [astro-mermaid] Successfully rendered diagram: mermaid-a6lx8o0cm @ http://localhost:4321/@id/astro:scripts/page.js:1
[    7677ms] [LOG] [astro-mermaid] Rendering diagram: mermaid-r7o7h4b5i @ http://localhost:4321/@id/astro:scripts/page.js:1
[    7752ms] [LOG] [astro-mermaid] Successfully rendered diagram: mermaid-r7o7h4b5i @ http://localhost:4321/@id/astro:scripts/page.js:1
[    7752ms] [LOG] [astro-mermaid] Rendering diagram: mermaid-o3f38ir69 @ http://localhost:4321/@id/astro:scripts/page.js:1
[    7854ms] [LOG] [astro-mermaid] Successfully rendered diagram: mermaid-o3f38ir69 @ http://localhost:4321/@id/astro:scripts/page.js:1
[    7854ms] [LOG] [astro-mermaid] Rendering diagram: mermaid-8c4aq9xt9 @ http://localhost:4321/@id/astro:scripts/page.js:1
[    7939ms] [LOG] [astro-mermaid] Successfully rendered diagram: mermaid-8c4aq9xt9 @ http://localhost:4321/@id/astro:scripts/page.js:1
[    7939ms] [LOG] [astro-mermaid] Rendering diagram: mermaid-gq2eh5atu @ http://localhost:4321/@id/astro:scripts/page.js:1
[    7991ms] [LOG] [astro-mermaid] Successfully rendered diagram: mermaid-gq2eh5atu @ http://localhost:4321/@id/astro:scripts/page.js:1
[    7991ms] [LOG] [astro-mermaid] Rendering diagram: mermaid-1o16sk827 @ http://localhost:4321/@id/astro:scripts/page.js:1
[    8028ms] [LOG] [astro-mermaid] Successfully rendered diagram: mermaid-1o16sk827 @ http://localhost:4321/@id/astro:scripts/page.js:1
[    8028ms] [LOG] [astro-mermaid] Rendering diagram: mermaid-d5t1hubuj @ http://localhost:4321/@id/astro:scripts/page.js:1
[    8181ms] [LOG] [astro-mermaid] Successfully rendered diagram: mermaid-d5t1hubuj @ http://localhost:4321/@id/astro:scripts/page.js:1
[    8181ms] [LOG] [astro-mermaid] Rendering diagram: mermaid-2mvo57zj9 @ http://localhost:4321/@id/astro:scripts/page.js:1
[    8219ms] [LOG] [astro-mermaid] Successfully rendered diagram: mermaid-2mvo57zj9 @ http://localhost:4321/@id/astro:scripts/page.js:1
[    8219ms] [LOG] [astro-mermaid] Rendering diagram: mermaid-fe9rxucp2 @ http://localhost:4321/@id/astro:scripts/page.js:1
[    8314ms] [LOG] [astro-mermaid] Successfully rendered diagram: mermaid-fe9rxucp2 @ http://localhost:4321/@id/astro:scripts/page.js:1
[    8314ms] [LOG] [astro-mermaid] Rendering diagram: mermaid-2pfm8pw1k @ http://localhost:4321/@id/astro:scripts/page.js:1
[    8372ms] [LOG] [astro-mermaid] Successfully rendered diagram: mermaid-2pfm8pw1k @ http://localhost:4321/@id/astro:scripts/page.js:1
[    8372ms] [LOG] [astro-mermaid] Rendering diagram: mermaid-1o4ufm13u @ http://localhost:4321/@id/astro:scripts/page.js:1
[    8433ms] [LOG] [astro-mermaid] Successfully rendered diagram: mermaid-1o4ufm13u @ http://localhost:4321/@id/astro:scripts/page.js:1
[    8433ms] [LOG] [astro-mermaid] Rendering diagram: mermaid-22nwrg9wr @ http://localhost:4321/@id/astro:scripts/page.js:1
[    8468ms] [LOG] [astro-mermaid] Successfully rendered diagram: mermaid-22nwrg9wr @ http://localhost:4321/@id/astro:scripts/page.js:1
[    8469ms] [LOG] [astro-mermaid] Rendering diagram: mermaid-d4koo4jqh @ http://localhost:4321/@id/astro:scripts/page.js:1
[    8499ms] [LOG] [astro-mermaid] Successfully rendered diagram: mermaid-d4koo4jqh @ http://localhost:4321/@id/astro:scripts/page.js:1
[    8499ms] [LOG] [astro-mermaid] Rendering diagram: mermaid-gwcs2il5l @ http://localhost:4321/@id/astro:scripts/page.js:1
[    8560ms] [LOG] [astro-mermaid] Successfully rendered diagram: mermaid-gwcs2il5l @ http://localhost:4321/@id/astro:scripts/page.js:1
[    8560ms] [LOG] [astro-mermaid] Rendering diagram: mermaid-p22gf30rc @ http://localhost:4321/@id/astro:scripts/page.js:1
[    8669ms] [LOG] [astro-mermaid] Successfully rendered diagram: mermaid-p22gf30rc @ http://localhost:4321/@id/astro:scripts/page.js:1
[    8669ms] [LOG] [astro-mermaid] Rendering diagram: mermaid-9lj6o07za @ http://localhost:4321/@id/astro:scripts/page.js:1
[    8771ms] [LOG] [astro-mermaid] Successfully rendered diagram: mermaid-9lj6o07za @ http://localhost:4321/@id/astro:scripts/page.js:1
[    8771ms] [LOG] [astro-mermaid] Rendering diagram: mermaid-wck44q49k @ http://localhost:4321/@id/astro:scripts/page.js:1
[    8958ms] [LOG] [astro-mermaid] Successfully rendered diagram: mermaid-wck44q49k @ http://localhost:4321/@id/astro:scripts/page.js:1
[    8958ms] [LOG] [astro-mermaid] Rendering diagram: mermaid-npis1add9 @ http://localhost:4321/@id/astro:scripts/page.js:1
[    9039ms] [LOG] [astro-mermaid] Successfully rendered diagram: mermaid-npis1add9 @ http://localhost:4321/@id/astro:scripts/page.js:1
[    9039ms] [LOG] [astro-mermaid] Rendering diagram: mermaid-fxen0rbee @ http://localhost:4321/@id/astro:scripts/page.js:1
[    9136ms] [LOG] [astro-mermaid] Successfully rendered diagram: mermaid-fxen0rbee @ http://localhost:4321/@id/astro:scripts/page.js:1
[    9136ms] [LOG] [astro-mermaid] Rendering diagram: mermaid-vrzvy2nhr @ http://localhost:4321/@id/astro:scripts/page.js:1
[    9218ms] [LOG] [astro-mermaid] Successfully rendered diagram: mermaid-vrzvy2nhr @ http://localhost:4321/@id/astro:scripts/page.js:1
[    9219ms] [LOG] [astro-mermaid] Rendering diagram: mermaid-7zfu2bdcl @ http://localhost:4321/@id/astro:scripts/page.js:1
[    9314ms] [LOG] [astro-mermaid] Successfully rendered diagram: mermaid-7zfu2bdcl @ http://localhost:4321/@id/astro:scripts/page.js:1
[    9314ms] [LOG] [astro-mermaid] Rendering diagram: mermaid-z5u7fdcqf @ http://localhost:4321/@id/astro:scripts/page.js:1
[    9358ms] [LOG] [astro-mermaid] Successfully rendered diagram: mermaid-z5u7fdcqf @ http://localhost:4321/@id/astro:scripts/page.js:1
[    9358ms] [LOG] [astro-mermaid] Rendering diagram: mermaid-agf9h0d2u @ http://localhost:4321/@id/astro:scripts/page.js:1
[    9736ms] [LOG] [astro-mermaid] Successfully rendered diagram: mermaid-agf9h0d2u @ http://localhost:4321/@id/astro:scripts/page.js:1
[    9736ms] [LOG] [astro-mermaid] Rendering diagram: mermaid-rbr2p42gt @ http://localhost:4321/@id/astro:scripts/page.js:1
[   10128ms] [LOG] [astro-mermaid] Successfully rendered diagram: mermaid-rbr2p42gt @ http://localhost:4321/@id/astro:scripts/page.js:1
[   10128ms] [LOG] [astro-mermaid] Rendering diagram: mermaid-roh1gbuts @ http://localhost:4321/@id/astro:scripts/page.js:1
[   10231ms] [LOG] [astro-mermaid] Successfully rendered diagram: mermaid-roh1gbuts @ http://localhost:4321/@id/astro:scripts/page.js:1
[   10231ms] [LOG] [astro-mermaid] Rendering diagram: mermaid-uvvlpti8o @ http://localhost:4321/@id/astro:scripts/page.js:1
[   10315ms] [LOG] [astro-mermaid] Successfully rendered diagram: mermaid-uvvlpti8o @ http://localhost:4321/@id/astro:scripts/page.js:1
[   10315ms] [LOG] [astro-mermaid] Rendering diagram: mermaid-fswa3vog4 @ http://localhost:4321/@id/astro:scripts/page.js:1
[   10494ms] [LOG] [astro-mermaid] Successfully rendered diagram: mermaid-fswa3vog4 @ http://localhost:4321/@id/astro:scripts/page.js:1
[   10494ms] [LOG] [astro-mermaid] Rendering diagram: mermaid-b3le7t3lr @ http://localhost:4321/@id/astro:scripts/page.js:1
[   10553ms] [LOG] [astro-mermaid] Successfully rendered diagram: mermaid-b3le7t3lr @ http://localhost:4321/@id/astro:scripts/page.js:1
[   10553ms] [LOG] [astro-mermaid] Rendering diagram: mermaid-2qkufwuta @ http://localhost:4321/@id/astro:scripts/page.js:1
[   10664ms] [LOG] [astro-mermaid] Successfully rendered diagram: mermaid-2qkufwuta @ http://localhost:4321/@id/astro:scripts/page.js:1
[   10664ms] [LOG] [astro-mermaid] Rendering diagram: mermaid-d1ri9aqxu @ http://localhost:4321/@id/astro:scripts/page.js:1
[   10810ms] [LOG] [astro-mermaid] Successfully rendered diagram: mermaid-d1ri9aqxu @ http://localhost:4321/@id/astro:scripts/page.js:1
[   10811ms] [LOG] [astro-mermaid] Rendering diagram: mermaid-imvzkg5eo @ http://localhost:4321/@id/astro:scripts/page.js:1
[   10933ms] [LOG] [astro-mermaid] Successfully rendered diagram: mermaid-imvzkg5eo @ http://localhost:4321/@id/astro:scripts/page.js:1
[   10933ms] [LOG] [astro-mermaid] Rendering diagram: mermaid-40bbsdtai @ http://localhost:4321/@id/astro:scripts/page.js:1
[   11063ms] [LOG] [astro-mermaid] Successfully rendered diagram: mermaid-40bbsdtai @ http://localhost:4321/@id/astro:scripts/page.js:1
[   11064ms] [LOG] [astro-mermaid] Rendering diagram: mermaid-rdmdoswmh @ http://localhost:4321/@id/astro:scripts/page.js:1
[   11120ms] [LOG] [astro-mermaid] Successfully rendered diagram: mermaid-rdmdoswmh @ http://localhost:4321/@id/astro:scripts/page.js:1
[   11121ms] [LOG] [astro-mermaid] Rendering diagram: mermaid-yxxjvm8ym @ http://localhost:4321/@id/astro:scripts/page.js:1
[   11204ms] [LOG] [astro-mermaid] Successfully rendered diagram: mermaid-yxxjvm8ym @ http://localhost:4321/@id/astro:scripts/page.js:1
[   11204ms] [LOG] [astro-mermaid] Rendering diagram: mermaid-kfuf0d6l5 @ http://localhost:4321/@id/astro:scripts/page.js:1
[   11240ms] [LOG] [astro-mermaid] Successfully rendered diagram: mermaid-kfuf0d6l5 @ http://localhost:4321/@id/astro:scripts/page.js:1
[   11241ms] [LOG] [astro-mermaid] Rendering diagram: mermaid-yqiabwglq @ http://localhost:4321/@id/astro:scripts/page.js:1
[   11283ms] [LOG] [astro-mermaid] Successfully rendered diagram: mermaid-yqiabwglq @ http://localhost:4321/@id/astro:scripts/page.js:1
[   11283ms] [LOG] [astro-mermaid] Rendering diagram: mermaid-fos3wxbqc @ http://localhost:4321/@id/astro:scripts/page.js:1
[   11322ms] [LOG] [astro-mermaid] Successfully rendered diagram: mermaid-fos3wxbqc @ http://localhost:4321/@id/astro:scripts/page.js:1
[   11322ms] [LOG] [astro-mermaid] Rendering diagram: mermaid-bpyw09wu9 @ http://localhost:4321/@id/astro:scripts/page.js:1
[   11382ms] [LOG] [astro-mermaid] Successfully rendered diagram: mermaid-bpyw09wu9 @ http://localhost:4321/@id/astro:scripts/page.js:1
[   11382ms] [LOG] [astro-mermaid] Rendering diagram: mermaid-nyv989z6w @ http://localhost:4321/@id/astro:scripts/page.js:1
[   11460ms] [LOG] [astro-mermaid] Successfully rendered diagram: mermaid-nyv989z6w @ http://localhost:4321/@id/astro:scripts/page.js:1
[   11460ms] [LOG] [astro-mermaid] Rendering diagram: mermaid-o0jqbfopc @ http://localhost:4321/@id/astro:scripts/page.js:1
[   11626ms] [LOG] [astro-mermaid] Successfully rendered diagram: mermaid-o0jqbfopc @ http://localhost:4321/@id/astro:scripts/page.js:1
[   11626ms] [LOG] [astro-mermaid] Rendering diagram: mermaid-2gfngr2j2 @ http://localhost:4321/@id/astro:scripts/page.js:1
[   11727ms] [LOG] [astro-mermaid] Successfully rendered diagram: mermaid-2gfngr2j2 @ http://localhost:4321/@id/astro:scripts/page.js:1
[   11727ms] [LOG] [astro-mermaid] Rendering diagram: mermaid-bf7vfkuri @ http://localhost:4321/@id/astro:scripts/page.js:1
[   11778ms] [LOG] [astro-mermaid] Successfully rendered diagram: mermaid-bf7vfkuri @ http://localhost:4321/@id/astro:scripts/page.js:1
[   11778ms] [LOG] [astro-mermaid] Rendering diagram: mermaid-8jawiv1vz @ http://localhost:4321/@id/astro:scripts/page.js:1
[   11835ms] [LOG] [astro-mermaid] Successfully rendered diagram: mermaid-8jawiv1vz @ http://localhost:4321/@id/astro:scripts/page.js:1
[   11835ms] [LOG] [astro-mermaid] Rendering diagram: mermaid-o8nwr0cuz @ http://localhost:4321/@id/astro:scripts/page.js:1
[   11904ms] [LOG] [astro-mermaid] Successfully rendered diagram: mermaid-o8nwr0cuz @ http://localhost:4321/@id/astro:scripts/page.js:1
[   11904ms] [LOG] [astro-mermaid] Rendering diagram: mermaid-4lodd6n1w @ http://localhost:4321/@id/astro:scripts/page.js:1
[   11958ms] [LOG] [astro-mermaid] Successfully rendered diagram: mermaid-4lodd6n1w @ http://localhost:4321/@id/astro:scripts/page.js:1
[   11958ms] [LOG] [astro-mermaid] Rendering diagram: mermaid-7sioxc7v8 @ http://localhost:4321/@id/astro:scripts/page.js:1
[   12006ms] [LOG] [astro-mermaid] Successfully rendered diagram: mermaid-7sioxc7v8 @ http://localhost:4321/@id/astro:scripts/page.js:1
[   12006ms] [LOG] [astro-mermaid] Rendering diagram: mermaid-r2ryltdcs @ http://localhost:4321/@id/astro:scripts/page.js:1
[   12076ms] [LOG] [astro-mermaid] Successfully rendered diagram: mermaid-r2ryltdcs @ http://localhost:4321/@id/astro:scripts/page.js:1
[   12077ms] [LOG] [astro-mermaid] Rendering diagram: mermaid-lvo04snro @ http://localhost:4321/@id/astro:scripts/page.js:1
[   12121ms] [LOG] [astro-mermaid] Successfully rendered diagram: mermaid-lvo04snro @ http://localhost:4321/@id/astro:scripts/page.js:1
[   12121ms] [LOG] [astro-mermaid] Rendering diagram: mermaid-m56isdavh @ http://localhost:4321/@id/astro:scripts/page.js:1
[   12189ms] [LOG] [astro-mermaid] Successfully rendered diagram: mermaid-m56isdavh @ http://localhost:4321/@id/astro:scripts/page.js:1
[   12189ms] [LOG] [astro-mermaid] Rendering diagram: mermaid-ufkylvx2j @ http://localhost:4321/@id/astro:scripts/page.js:1
[   12231ms] [LOG] [astro-mermaid] Successfully rendered diagram: mermaid-ufkylvx2j @ http://localhost:4321/@id/astro:scripts/page.js:1
[   12231ms] [LOG] [astro-mermaid] Rendering diagram: mermaid-cdza3aomm @ http://localhost:4321/@id/astro:scripts/page.js:1
[   12299ms] [LOG] [astro-mermaid] Successfully rendered diagram: mermaid-cdza3aomm @ http://localhost:4321/@id/astro:scripts/page.js:1
[   12299ms] [LOG] [astro-mermaid] Rendering diagram: mermaid-fdyvnfouo @ http://localhost:4321/@id/astro:scripts/page.js:1
[   12371ms] [LOG] [astro-mermaid] Successfully rendered diagram: mermaid-fdyvnfouo @ http://localhost:4321/@id/astro:scripts/page.js:1
[   12371ms] [LOG] [astro-mermaid] Rendering diagram: mermaid-16qksrlwa @ http://localhost:4321/@id/astro:scripts/page.js:1
[   12477ms] [LOG] [astro-mermaid] Successfully rendered diagram: mermaid-16qksrlwa @ http://localhost:4321/@id/astro:scripts/page.js:1
[   12477ms] [LOG] [astro-mermaid] Rendering diagram: mermaid-41d6uryrs @ http://localhost:4321/@id/astro:scripts/page.js:1
[   12600ms] [LOG] [astro-mermaid] Successfully rendered diagram: mermaid-41d6uryrs @ http://localhost:4321/@id/astro:scripts/page.js:1
[   12600ms] [LOG] [astro-mermaid] Rendering diagram: mermaid-81vzzlxme @ http://localhost:4321/@id/astro:scripts/page.js:1
[   12672ms] [LOG] [astro-mermaid] Successfully rendered diagram: mermaid-81vzzlxme @ http://localhost:4321/@id/astro:scripts/page.js:1
[   12672ms] [LOG] [astro-mermaid] Rendering diagram: mermaid-7eac87szf @ http://localhost:4321/@id/astro:scripts/page.js:1
[   12723ms] [LOG] [astro-mermaid] Successfully rendered diagram: mermaid-7eac87szf @ http://localhost:4321/@id/astro:scripts/page.js:1
[   12723ms] [LOG] [astro-mermaid] Rendering diagram: mermaid-8kdb4qln3 @ http://localhost:4321/@id/astro:scripts/page.js:1
[   12777ms] [LOG] [astro-mermaid] Successfully rendered diagram: mermaid-8kdb4qln3 @ http://localhost:4321/@id/astro:scripts/page.js:1
[   12777ms] [LOG] [astro-mermaid] Rendering diagram: mermaid-lruc0w2an @ http://localhost:4321/@id/astro:scripts/page.js:1
[   12859ms] [LOG] [astro-mermaid] Successfully rendered diagram: mermaid-lruc0w2an @ http://localhost:4321/@id/astro:scripts/page.js:1
[   12859ms] [LOG] [astro-mermaid] Rendering diagram: mermaid-7ye6d3dw5 @ http://localhost:4321/@id/astro:scripts/page.js:1
[   12948ms] [LOG] [astro-mermaid] Successfully rendered diagram: mermaid-7ye6d3dw5 @ http://localhost:4321/@id/astro:scripts/page.js:1
[   12948ms] [LOG] [astro-mermaid] Rendering diagram: mermaid-rc4wz8lsj @ http://localhost:4321/@id/astro:scripts/page.js:1
[   13011ms] [LOG] [astro-mermaid] Successfully rendered diagram: mermaid-rc4wz8lsj @ http://localhost:4321/@id/astro:scripts/page.js:1
[   13011ms] [LOG] [astro-mermaid] Rendering diagram: mermaid-7tfqktth3 @ http://localhost:4321/@id/astro:scripts/page.js:1
[   13093ms] [LOG] [astro-mermaid] Successfully rendered diagram: mermaid-7tfqktth3 @ http://localhost:4321/@id/astro:scripts/page.js:1
[   13094ms] [LOG] [astro-mermaid] Rendering diagram: mermaid-qsv09ko1x @ http://localhost:4321/@id/astro:scripts/page.js:1
[   13177ms] [LOG] [astro-mermaid] Successfully rendered diagram: mermaid-qsv09ko1x @ http://localhost:4321/@id/astro:scripts/page.js:1
[   13177ms] [LOG] [astro-mermaid] Rendering diagram: mermaid-k4im4yc3w @ http://localhost:4321/@id/astro:scripts/page.js:1
[   13271ms] [LOG] [astro-mermaid] Successfully rendered diagram: mermaid-k4im4yc3w @ http://localhost:4321/@id/astro:scripts/page.js:1
[   13271ms] [LOG] [astro-mermaid] Rendering diagram: mermaid-bgse2tfzl @ http://localhost:4321/@id/astro:scripts/page.js:1
[   13356ms] [LOG] [astro-mermaid] Successfully rendered diagram: mermaid-bgse2tfzl @ http://localhost:4321/@id/astro:scripts/page.js:1
[   13356ms] [LOG] [astro-mermaid] Rendering diagram: mermaid-xk6xnz43e @ http://localhost:4321/@id/astro:scripts/page.js:1
[   13416ms] [LOG] [astro-mermaid] Successfully rendered diagram: mermaid-xk6xnz43e @ http://localhost:4321/@id/astro:scripts/page.js:1
[   13416ms] [LOG] [astro-mermaid] Rendering diagram: mermaid-in5ec2eqj @ http://localhost:4321/@id/astro:scripts/page.js:1
[   13534ms] [LOG] [astro-mermaid] Successfully rendered diagram: mermaid-in5ec2eqj @ http://localhost:4321/@id/astro:scripts/page.js:1
[   13534ms] [LOG] [astro-mermaid] Rendering diagram: mermaid-o1xfx790t @ http://localhost:4321/@id/astro:scripts/page.js:1
[   13621ms] [LOG] [astro-mermaid] Successfully rendered diagram: mermaid-o1xfx790t @ http://localhost:4321/@id/astro:scripts/page.js:1
[   13622ms] [LOG] [astro-mermaid] Rendering diagram: mermaid-keyw3vdds @ http://localhost:4321/@id/astro:scripts/page.js:1
[   13741ms] [LOG] [astro-mermaid] Successfully rendered diagram: mermaid-keyw3vdds @ http://localhost:4321/@id/astro:scripts/page.js:1
[   13741ms] [LOG] [astro-mermaid] Rendering diagram: mermaid-6lew4xsbq @ http://localhost:4321/@id/astro:scripts/page.js:1
[   13792ms] [LOG] [astro-mermaid] Successfully rendered diagram: mermaid-6lew4xsbq @ http://localhost:4321/@id/astro:scripts/page.js:1
[   13792ms] [LOG] [astro-mermaid] Rendering diagram: mermaid-iyecfk8en @ http://localhost:4321/@id/astro:scripts/page.js:1
[   13855ms] [LOG] [astro-mermaid] Successfully rendered diagram: mermaid-iyecfk8en @ http://localhost:4321/@id/astro:scripts/page.js:1
[   13855ms] [LOG] [astro-mermaid] Rendering diagram: mermaid-up5tac13v @ http://localhost:4321/@id/astro:scripts/page.js:1
[   13914ms] [LOG] [astro-mermaid] Successfully rendered diagram: mermaid-up5tac13v @ http://localhost:4321/@id/astro:scripts/page.js:1
[   13914ms] [LOG] [astro-mermaid] Rendering diagram: mermaid-2wvp3fmcs @ http://localhost:4321/@id/astro:scripts/page.js:1
[   13982ms] [LOG] [astro-mermaid] Successfully rendered diagram: mermaid-2wvp3fmcs @ http://localhost:4321/@id/astro:scripts/page.js:1
[   13982ms] [LOG] [astro-mermaid] Rendering diagram: mermaid-xh907egbu @ http://localhost:4321/@id/astro:scripts/page.js:1
[   14071ms] [LOG] [astro-mermaid] Successfully rendered diagram: mermaid-xh907egbu @ http://localhost:4321/@id/astro:scripts/page.js:1
[   14071ms] [LOG] [astro-mermaid] Rendering diagram: mermaid-soxcn0rgt @ http://localhost:4321/@id/astro:scripts/page.js:1
[   14136ms] [LOG] [astro-mermaid] Successfully rendered diagram: mermaid-soxcn0rgt @ http://localhost:4321/@id/astro:scripts/page.js:1
[   14136ms] [LOG] [astro-mermaid] Rendering diagram: mermaid-n69ldjkng @ http://localhost:4321/@id/astro:scripts/page.js:1
[   14188ms] [LOG] [astro-mermaid] Successfully rendered diagram: mermaid-n69ldjkng @ http://localhost:4321/@id/astro:scripts/page.js:1
[   14188ms] [LOG] [astro-mermaid] Rendering diagram: mermaid-osiv5tts6 @ http://localhost:4321/@id/astro:scripts/page.js:1
[   14269ms] [LOG] [astro-mermaid] Successfully rendered diagram: mermaid-osiv5tts6 @ http://localhost:4321/@id/astro:scripts/page.js:1
[   14269ms] [LOG] [astro-mermaid] Rendering diagram: mermaid-itvlehpmv @ http://localhost:4321/@id/astro:scripts/page.js:1
[   14422ms] [LOG] [astro-mermaid] Successfully rendered diagram: mermaid-itvlehpmv @ http://localhost:4321/@id/astro:scripts/page.js:1
[   14422ms] [LOG] [astro-mermaid] Rendering diagram: mermaid-9bt38fk5e @ http://localhost:4321/@id/astro:scripts/page.js:1
[   14476ms] [LOG] [astro-mermaid] Successfully rendered diagram: mermaid-9bt38fk5e @ http://localhost:4321/@id/astro:scripts/page.js:1
[   14476ms] [LOG] [astro-mermaid] Rendering diagram: mermaid-3nu7d3s5f @ http://localhost:4321/@id/astro:scripts/page.js:1
[   14560ms] [LOG] [astro-mermaid] Successfully rendered diagram: mermaid-3nu7d3s5f @ http://localhost:4321/@id/astro:scripts/page.js:1
[   14560ms] [LOG] [astro-mermaid] Rendering diagram: mermaid-obe8yddte @ http://localhost:4321/@id/astro:scripts/page.js:1
[   14615ms] [LOG] [astro-mermaid] Successfully rendered diagram: mermaid-obe8yddte @ http://localhost:4321/@id/astro:scripts/page.js:1
[   14615ms] [LOG] [astro-mermaid] Rendering diagram: mermaid-tq8xcgi7i @ http://localhost:4321/@id/astro:scripts/page.js:1
[   14719ms] [LOG] [astro-mermaid] Successfully rendered diagram: mermaid-tq8xcgi7i @ http://localhost:4321/@id/astro:scripts/page.js:1
[   14719ms] [LOG] [astro-mermaid] Rendering diagram: mermaid-u1zle8zoh @ http://localhost:4321/@id/astro:scripts/page.js:1
[   14772ms] [LOG] [astro-mermaid] Successfully rendered diagram: mermaid-u1zle8zoh @ http://localhost:4321/@id/astro:scripts/page.js:1
[   14772ms] [LOG] [astro-mermaid] Rendering diagram: mermaid-jju195x62 @ http://localhost:4321/@id/astro:scripts/page.js:1
[   14872ms] [LOG] [astro-mermaid] Successfully rendered diagram: mermaid-jju195x62 @ http://localhost:4321/@id/astro:scripts/page.js:1
[   14872ms] [LOG] [astro-mermaid] Rendering diagram: mermaid-tdnowdw8x @ http://localhost:4321/@id/astro:scripts/page.js:1
[   14981ms] [LOG] [astro-mermaid] Successfully rendered diagram: mermaid-tdnowdw8x @ http://localhost:4321/@id/astro:scripts/page.js:1
[   14982ms] [LOG] [astro-mermaid] Rendering diagram: mermaid-fwh2qo92c @ http://localhost:4321/@id/astro:scripts/page.js:1
[   15043ms] [LOG] [astro-mermaid] Successfully rendered diagram: mermaid-fwh2qo92c @ http://localhost:4321/@id/astro:scripts/page.js:1
[   15043ms] [LOG] [astro-mermaid] Rendering diagram: mermaid-1oznes2qn @ http://localhost:4321/@id/astro:scripts/page.js:1
[   15158ms] [LOG] [astro-mermaid] Successfully rendered diagram: mermaid-1oznes2qn @ http://localhost:4321/@id/astro:scripts/page.js:1
[   15158ms] [LOG] [astro-mermaid] Rendering diagram: mermaid-bed742hla @ http://localhost:4321/@id/astro:scripts/page.js:1
[   15252ms] [LOG] [astro-mermaid] Successfully rendered diagram: mermaid-bed742hla @ http://localhost:4321/@id/astro:scripts/page.js:1
[   15252ms] [LOG] [astro-mermaid] Rendering diagram: mermaid-licpvwiqz @ http://localhost:4321/@id/astro:scripts/page.js:1
[   15333ms] [LOG] [astro-mermaid] Successfully rendered diagram: mermaid-licpvwiqz @ http://localhost:4321/@id/astro:scripts/page.js:1
[   15333ms] [LOG] [astro-mermaid] Rendering diagram: mermaid-mj5u0jl2v @ http://localhost:4321/@id/astro:scripts/page.js:1
[   15427ms] [LOG] [astro-mermaid] Successfully rendered diagram: mermaid-mj5u0jl2v @ http://localhost:4321/@id/astro:scripts/page.js:1
[   15428ms] [LOG] [astro-mermaid] Rendering diagram: mermaid-2e5s5m4u2 @ http://localhost:4321/@id/astro:scripts/page.js:1
[   15574ms] [LOG] [astro-mermaid] Successfully rendered diagram: mermaid-2e5s5m4u2 @ http://localhost:4321/@id/astro:scripts/page.js:1
[   15574ms] [LOG] [astro-mermaid] Rendering diagram: mermaid-v62viz1cz @ http://localhost:4321/@id/astro:scripts/page.js:1
[   15722ms] [LOG] [astro-mermaid] Successfully rendered diagram: mermaid-v62viz1cz @ http://localhost:4321/@id/astro:scripts/page.js:1
[   15722ms] [LOG] [astro-mermaid] Rendering diagram: mermaid-v0gn4d377 @ http://localhost:4321/@id/astro:scripts/page.js:1
[   15830ms] [LOG] [astro-mermaid] Successfully rendered diagram: mermaid-v0gn4d377 @ http://localhost:4321/@id/astro:scripts/page.js:1
[   15831ms] [LOG] [astro-mermaid] Rendering diagram: mermaid-riyz1ktl1 @ http://localhost:4321/@id/astro:scripts/page.js:1
[   15874ms] [LOG] [astro-mermaid] Successfully rendered diagram: mermaid-riyz1ktl1 @ http://localhost:4321/@id/astro:scripts/page.js:1
[   15874ms] [LOG] [astro-mermaid] Rendering diagram: mermaid-mbtjtc8y0 @ http://localhost:4321/@id/astro:scripts/page.js:1
[   15971ms] [LOG] [astro-mermaid] Successfully rendered diagram: mermaid-mbtjtc8y0 @ http://localhost:4321/@id/astro:scripts/page.js:1
[   15971ms] [LOG] [astro-mermaid] Rendering diagram: mermaid-jft6877hz @ http://localhost:4321/@id/astro:scripts/page.js:1
[   16011ms] [LOG] [astro-mermaid] Successfully rendered diagram: mermaid-jft6877hz @ http://localhost:4321/@id/astro:scripts/page.js:1
[   16011ms] [LOG] [astro-mermaid] Rendering diagram: mermaid-ldidyjesl @ http://localhost:4321/@id/astro:scripts/page.js:1
[   16067ms] [LOG] [astro-mermaid] Successfully rendered diagram: mermaid-ldidyjesl @ http://localhost:4321/@id/astro:scripts/page.js:1
[   16068ms] [LOG] [astro-mermaid] Rendering diagram: mermaid-n2e4ovaqm @ http://localhost:4321/@id/astro:scripts/page.js:1
[   16116ms] [LOG] [astro-mermaid] Successfully rendered diagram: mermaid-n2e4ovaqm @ http://localhost:4321/@id/astro:scripts/page.js:1
[   16116ms] [LOG] [astro-mermaid] Rendering diagram: mermaid-btjleljc1 @ http://localhost:4321/@id/astro:scripts/page.js:1
[   16177ms] [LOG] [astro-mermaid] Successfully rendered diagram: mermaid-btjleljc1 @ http://localhost:4321/@id/astro:scripts/page.js:1
[   16180ms] [LOG] [astro-mermaid] Rendering diagram: mermaid-9wi016umm @ http://localhost:4321/@id/astro:scripts/page.js:1
[   16221ms] [LOG] [astro-mermaid] Successfully rendered diagram: mermaid-9wi016umm @ http://localhost:4321/@id/astro:scripts/page.js:1
[   16221ms] [LOG] [astro-mermaid] Rendering diagram: mermaid-2i24998hz @ http://localhost:4321/@id/astro:scripts/page.js:1
[   16272ms] [LOG] [astro-mermaid] Successfully rendered diagram: mermaid-2i24998hz @ http://localhost:4321/@id/astro:scripts/page.js:1
[   16273ms] [LOG] [astro-mermaid] Rendering diagram: mermaid-xgussb965 @ http://localhost:4321/@id/astro:scripts/page.js:1
[   16325ms] [LOG] [astro-mermaid] Successfully rendered diagram: mermaid-xgussb965 @ http://localhost:4321/@id/astro:scripts/page.js:1
[   16325ms] [LOG] [astro-mermaid] Rendering diagram: mermaid-wo2grtg3f @ http://localhost:4321/@id/astro:scripts/page.js:1
[   16371ms] [LOG] [astro-mermaid] Successfully rendered diagram: mermaid-wo2grtg3f @ http://localhost:4321/@id/astro:scripts/page.js:1
[   16371ms] [LOG] [astro-mermaid] Rendering diagram: mermaid-wjb4gyr78 @ http://localhost:4321/@id/astro:scripts/page.js:1
[   16455ms] [LOG] [astro-mermaid] Successfully rendered diagram: mermaid-wjb4gyr78 @ http://localhost:4321/@id/astro:scripts/page.js:1
[   16455ms] [LOG] [astro-mermaid] Rendering diagram: mermaid-e9cgxla83 @ http://localhost:4321/@id/astro:scripts/page.js:1
[   16561ms] [LOG] [astro-mermaid] Successfully rendered diagram: mermaid-e9cgxla83 @ http://localhost:4321/@id/astro:scripts/page.js:1
[   16561ms] [LOG] [astro-mermaid] Rendering diagram: mermaid-sn2j7f0ml @ http://localhost:4321/@id/astro:scripts/page.js:1
[   16649ms] [LOG] [astro-mermaid] Successfully rendered diagram: mermaid-sn2j7f0ml @ http://localhost:4321/@id/astro:scripts/page.js:1
[   16649ms] [LOG] [astro-mermaid] Rendering diagram: mermaid-y4i98tc9t @ http://localhost:4321/@id/astro:scripts/page.js:1
[   16741ms] [LOG] [astro-mermaid] Successfully rendered diagram: mermaid-y4i98tc9t @ http://localhost:4321/@id/astro:scripts/page.js:1
[   16741ms] [LOG] [astro-mermaid] Rendering diagram: mermaid-twovqapbz @ http://localhost:4321/@id/astro:scripts/page.js:1
[   16850ms] [LOG] [astro-mermaid] Successfully rendered diagram: mermaid-twovqapbz @ http://localhost:4321/@id/astro:scripts/page.js:1
[   16851ms] [LOG] [astro-mermaid] Rendering diagram: mermaid-d1f8oqxsx @ http://localhost:4321/@id/astro:scripts/page.js:1
[   16917ms] [LOG] [astro-mermaid] Successfully rendered diagram: mermaid-d1f8oqxsx @ http://localhost:4321/@id/astro:scripts/page.js:1
[   16917ms] [LOG] [astro-mermaid] Rendering diagram: mermaid-07ko23yz0 @ http://localhost:4321/@id/astro:scripts/page.js:1
[   16970ms] [LOG] [astro-mermaid] Successfully rendered diagram: mermaid-07ko23yz0 @ http://localhost:4321/@id/astro:scripts/page.js:1
[   16970ms] [LOG] [astro-mermaid] Rendering diagram: mermaid-zej0064nn @ http://localhost:4321/@id/astro:scripts/page.js:1
[   17120ms] [LOG] [astro-mermaid] Successfully rendered diagram: mermaid-zej0064nn @ http://localhost:4321/@id/astro:scripts/page.js:1
[   17120ms] [LOG] [astro-mermaid] Rendering diagram: mermaid-1ejrvgx92 @ http://localhost:4321/@id/astro:scripts/page.js:1
[   17208ms] [LOG] [astro-mermaid] Successfully rendered diagram: mermaid-1ejrvgx92 @ http://localhost:4321/@id/astro:scripts/page.js:1
[   17208ms] [LOG] [astro-mermaid] Rendering diagram: mermaid-z2irgazmk @ http://localhost:4321/@id/astro:scripts/page.js:1
[   17337ms] [LOG] [astro-mermaid] Successfully rendered diagram: mermaid-z2irgazmk @ http://localhost:4321/@id/astro:scripts/page.js:1
[   17337ms] [LOG] [astro-mermaid] Rendering diagram: mermaid-yb8j3w2vt @ http://localhost:4321/@id/astro:scripts/page.js:1
[   17391ms] [LOG] [astro-mermaid] Successfully rendered diagram: mermaid-yb8j3w2vt @ http://localhost:4321/@id/astro:scripts/page.js:1
[   17391ms] [LOG] [astro-mermaid] Rendering diagram: mermaid-26wu00snb @ http://localhost:4321/@id/astro:scripts/page.js:1
[   17444ms] [LOG] [astro-mermaid] Successfully rendered diagram: mermaid-26wu00snb @ http://localhost:4321/@id/astro:scripts/page.js:1
[   17444ms] [LOG] [astro-mermaid] Rendering diagram: mermaid-ppepnpv99 @ http://localhost:4321/@id/astro:scripts/page.js:1
[   17509ms] [LOG] [astro-mermaid] Successfully rendered diagram: mermaid-ppepnpv99 @ http://localhost:4321/@id/astro:scripts/page.js:1
[   17510ms] [LOG] [astro-mermaid] Rendering diagram: mermaid-w40mi4jcw @ http://localhost:4321/@id/astro:scripts/page.js:1
[   17593ms] [LOG] [astro-mermaid] Successfully rendered diagram: mermaid-w40mi4jcw @ http://localhost:4321/@id/astro:scripts/page.js:1
[   17593ms] [LOG] [astro-mermaid] Rendering diagram: mermaid-v9eapg74x @ http://localhost:4321/@id/astro:scripts/page.js:1
[   17668ms] [LOG] [astro-mermaid] Successfully rendered diagram: mermaid-v9eapg74x @ http://localhost:4321/@id/astro:scripts/page.js:1
[   17668ms] [LOG] [astro-mermaid] Rendering diagram: mermaid-ku53ughd1 @ http://localhost:4321/@id/astro:scripts/page.js:1
[   17736ms] [LOG] [astro-mermaid] Successfully rendered diagram: mermaid-ku53ughd1 @ http://localhost:4321/@id/astro:scripts/page.js:1
[   17737ms] [LOG] [astro-mermaid] Rendering diagram: mermaid-9obhc9xtq @ http://localhost:4321/@id/astro:scripts/page.js:1
[   17799ms] [LOG] [astro-mermaid] Successfully rendered diagram: mermaid-9obhc9xtq @ http://localhost:4321/@id/astro:scripts/page.js:1
[   17799ms] [LOG] [astro-mermaid] Rendering diagram: mermaid-f168j3yak @ http://localhost:4321/@id/astro:scripts/page.js:1
[   17941ms] [LOG] [astro-mermaid] Successfully rendered diagram: mermaid-f168j3yak @ http://localhost:4321/@id/astro:scripts/page.js:1
[   17942ms] [LOG] [astro-mermaid] Rendering diagram: mermaid-44y28geuk @ http://localhost:4321/@id/astro:scripts/page.js:1
[   18026ms] [LOG] [astro-mermaid] Successfully rendered diagram: mermaid-44y28geuk @ http://localhost:4321/@id/astro:scripts/page.js:1
[   18027ms] [LOG] [astro-mermaid] Rendering diagram: mermaid-8bf0qq8q8 @ http://localhost:4321/@id/astro:scripts/page.js:1
[   18171ms] [LOG] [astro-mermaid] Successfully rendered diagram: mermaid-8bf0qq8q8 @ http://localhost:4321/@id/astro:scripts/page.js:1
[   18171ms] [LOG] [astro-mermaid] Rendering diagram: mermaid-kfc4vy7g2 @ http://localhost:4321/@id/astro:scripts/page.js:1
[   18232ms] [LOG] [astro-mermaid] Successfully rendered diagram: mermaid-kfc4vy7g2 @ http://localhost:4321/@id/astro:scripts/page.js:1
[   18232ms] [LOG] [astro-mermaid] Rendering diagram: mermaid-z15v75xl7 @ http://localhost:4321/@id/astro:scripts/page.js:1
[   18322ms] [LOG] [astro-mermaid] Successfully rendered diagram: mermaid-z15v75xl7 @ http://localhost:4321/@id/astro:scripts/page.js:1
[   18322ms] [LOG] [astro-mermaid] Rendering diagram: mermaid-j07hanlrh @ http://localhost:4321/@id/astro:scripts/page.js:1
[   18378ms] [LOG] [astro-mermaid] Successfully rendered diagram: mermaid-j07hanlrh @ http://localhost:4321/@id/astro:scripts/page.js:1
[   18378ms] [LOG] [astro-mermaid] Rendering diagram: mermaid-xxmyez0et @ http://localhost:4321/@id/astro:scripts/page.js:1
[   18434ms] [LOG] [astro-mermaid] Successfully rendered diagram: mermaid-xxmyez0et @ http://localhost:4321/@id/astro:scripts/page.js:1
[   18434ms] [LOG] [astro-mermaid] Rendering diagram: mermaid-jm9a61voh @ http://localhost:4321/@id/astro:scripts/page.js:1
[   18492ms] [LOG] [astro-mermaid] Successfully rendered diagram: mermaid-jm9a61voh @ http://localhost:4321/@id/astro:scripts/page.js:1
[   18492ms] [LOG] [astro-mermaid] Rendering diagram: mermaid-5rjjxhcwc @ http://localhost:4321/@id/astro:scripts/page.js:1
[   18556ms] [LOG] [astro-mermaid] Successfully rendered diagram: mermaid-5rjjxhcwc @ http://localhost:4321/@id/astro:scripts/page.js:1
[   18556ms] [LOG] [astro-mermaid] Rendering diagram: mermaid-f42kh1r9y @ http://localhost:4321/@id/astro:scripts/page.js:1
[   18632ms] [LOG] [astro-mermaid] Successfully rendered diagram: mermaid-f42kh1r9y @ http://localhost:4321/@id/astro:scripts/page.js:1
[   18632ms] [LOG] [astro-mermaid] Rendering diagram: mermaid-audrp7thu @ http://localhost:4321/@id/astro:scripts/page.js:1
[   18767ms] [LOG] [astro-mermaid] Successfully rendered diagram: mermaid-audrp7thu @ http://localhost:4321/@id/astro:scripts/page.js:1
[   18767ms] [LOG] [astro-mermaid] Rendering diagram: mermaid-trqq78vff @ http://localhost:4321/@id/astro:scripts/page.js:1
[   18939ms] [LOG] [astro-mermaid] Successfully rendered diagram: mermaid-trqq78vff @ http://localhost:4321/@id/astro:scripts/page.js:1
[   18939ms] [LOG] [astro-mermaid] Rendering diagram: mermaid-te04gdqbz @ http://localhost:4321/@id/astro:scripts/page.js:1
[   19035ms] [LOG] [astro-mermaid] Successfully rendered diagram: mermaid-te04gdqbz @ http://localhost:4321/@id/astro:scripts/page.js:1
[   19035ms] [LOG] [astro-mermaid] Rendering diagram: mermaid-yq87c2ong @ http://localhost:4321/@id/astro:scripts/page.js:1
[   19094ms] [LOG] [astro-mermaid] Successfully rendered diagram: mermaid-yq87c2ong @ http://localhost:4321/@id/astro:scripts/page.js:1
[   19094ms] [LOG] [astro-mermaid] Rendering diagram: mermaid-hbh8dl965 @ http://localhost:4321/@id/astro:scripts/page.js:1
[   19219ms] [LOG] [astro-mermaid] Successfully rendered diagram: mermaid-hbh8dl965 @ http://localhost:4321/@id/astro:scripts/page.js:1
[   19219ms] [LOG] [astro-mermaid] Rendering diagram: mermaid-bmkjjkvst @ http://localhost:4321/@id/astro:scripts/page.js:1
[   19350ms] [LOG] [astro-mermaid] Successfully rendered diagram: mermaid-bmkjjkvst @ http://localhost:4321/@id/astro:scripts/page.js:1
[   19350ms] [LOG] [astro-mermaid] Rendering diagram: mermaid-uztlssol3 @ http://localhost:4321/@id/astro:scripts/page.js:1
[   19471ms] [LOG] [astro-mermaid] Successfully rendered diagram: mermaid-uztlssol3 @ http://localhost:4321/@id/astro:scripts/page.js:1
[   19471ms] [LOG] [astro-mermaid] Rendering diagram: mermaid-1ciw6l4q1 @ http://localhost:4321/@id/astro:scripts/page.js:1
[   19565ms] [LOG] [astro-mermaid] Successfully rendered diagram: mermaid-1ciw6l4q1 @ http://localhost:4321/@id/astro:scripts/page.js:1
[   19566ms] [LOG] [astro-mermaid] Rendering diagram: mermaid-9jl74mqei @ http://localhost:4321/@id/astro:scripts/page.js:1
[   19686ms] [LOG] [astro-mermaid] Successfully rendered diagram: mermaid-9jl74mqei @ http://localhost:4321/@id/astro:scripts/page.js:1
[   19687ms] [LOG] [astro-mermaid] Rendering diagram: mermaid-gjql6padt @ http://localhost:4321/@id/astro:scripts/page.js:1
[   19753ms] [LOG] [astro-mermaid] Successfully rendered diagram: mermaid-gjql6padt @ http://localhost:4321/@id/astro:scripts/page.js:1
[   19753ms] [LOG] [astro-mermaid] Rendering diagram: mermaid-o50i0z89q @ http://localhost:4321/@id/astro:scripts/page.js:1
[   20025ms] [LOG] [astro-mermaid] Successfully rendered diagram: mermaid-o50i0z89q @ http://localhost:4321/@id/astro:scripts/page.js:1
[  404428ms] [LOG] [vite] server connection lost. Polling for restart... @ http://localhost:4321/@vite/client:1726
